n/graph500.png
n/graph499.png
n/graph498.png
n/graph497.png
n/graph496.png
n/graph495.png
n/graph494.png
n/graph493.png
n/graph492.png
n/graph491.png
n/graph490.png
n/graph489.png
n/graph488.png
n/graph487.png
n/graph486.png
n/graph485.png
n/graph484.png
n/graph483.png
n/graph482.png
n/graph481.png
n/graph480.png
n/graph479.png
n/graph478.png
n/graph477.png
n/graph476.png
n/graph475.png
n/graph474.png
n/graph473.png
n/graph472.png
n/graph471.png
n/graph470.png
n/graph469.png
n/graph468.png
n/graph467.png
n/graph466.png
n/graph465.png
n/graph464.png
n/graph463.png
n/graph462.png
n/graph461.png
n/graph460.png
n/graph459.png
n/graph458.png
n/graph457.png
n/graph456.png
n/graph455.png
n/graph454.png
n/graph453.png
n/graph452.png
n/graph451.png
n/graph450.png
n/graph449.png
n/graph448.png
n/graph447.png
n/graph446.png
n/graph445.png
n/graph444.png
n/graph443.png
n/graph442.png
n/graph441.png
n/graph440.png
n/graph439.png
n/graph438.png
n/graph437.png
n/graph436.png
n/graph435.png
n/graph434.png
n/graph433.png
n/graph432.png
n/graph431.png
n/graph430.png
n/graph429.png
n/graph428.png
n/graph427.png
n/graph426.png
n/graph425.png
n/graph424.png
n/graph423.png
n/graph422.png
n/graph421.png
n/graph420.png
n/graph419.png
n/graph418.png
n/graph417.png
n/graph416.png
n/graph415.png
n/graph414.png
n/graph413.png
n/graph412.png
n/graph411.png
n/graph410.png
n/graph409.png
n/graph408.png
n/graph407.png
n/graph406.png
n/graph405.png
n/graph404.png
n/graph403.png
n/graph402.png
n/graph401.png
n/graph400.png
n/graph399.png
n/graph398.png
n/graph397.png
n/graph396.png
n/graph395.png
n/graph394.png
n/graph393.png
n/graph392.png
n/graph391.png
n/graph390.png
n/graph389.png
n/graph388.png
n/graph387.png
n/graph386.png
n/graph385.png
n/graph384.png
n/graph383.png
n/graph382.png
n/graph381.png
n/graph380.png
n/graph379.png
n/graph378.png
n/graph377.png
n/graph376.png
n/graph375.png
n/graph374.png
n/graph373.png
n/graph372.png
n/graph371.png
n/graph370.png
n/graph369.png
n/graph368.png
n/graph367.png
n/graph366.png
n/graph365.png
n/graph364.png
n/graph363.png
n/graph362.png
n/graph361.png
n/graph360.png
n/graph359.png
n/graph358.png
n/graph357.png
n/graph356.png
n/graph355.png
n/graph354.png
n/graph353.png
n/graph352.png
n/graph351.png
n/graph350.png
n/graph349.png
n/graph348.png
n/graph347.png
n/graph346.png
n/graph345.png
n/graph344.png
n/graph343.png
n/graph342.png
n/graph341.png
n/graph340.png
n/graph339.png
n/graph338.png
n/graph337.png
n/graph336.png
n/graph335.png
n/graph334.png
n/graph333.png
n/graph332.png
n/graph331.png
n/graph330.png
n/graph329.png
n/graph328.png
n/graph327.png
n/graph326.png
n/graph325.png
n/graph324.png
n/graph323.png
n/graph322.png
n/graph321.png
n/graph320.png
n/graph319.png
n/graph318.png
n/graph317.png
n/graph316.png
n/graph315.png
n/graph314.png
n/graph313.png
n/graph312.png
n/graph311.png
n/graph310.png
n/graph309.png
n/graph308.png
n/graph307.png
n/graph306.png
n/graph305.png
n/graph304.png
n/graph303.png
n/graph302.png
n/graph301.png
n/graph300.png
n/graph299.png
n/graph298.png
n/graph297.png
n/graph296.png
n/graph295.png
n/graph294.png
n/graph293.png
n/graph292.png
n/graph291.png
n/graph290.png
n/graph289.png
n/graph288.png
n/graph287.png
n/graph286.png
n/graph285.png
n/graph284.png
n/graph283.png
n/graph282.png
n/graph281.png
n/graph280.png
n/graph279.png
n/graph278.png
n/graph277.png
n/graph276.png
n/graph275.png
n/graph274.png
n/graph273.png
n/graph272.png
n/graph271.png
n/graph270.png
n/graph269.png
n/graph268.png
n/graph267.png
n/graph266.png
n/graph265.png
n/graph264.png
n/graph263.png
n/graph262.png
n/graph261.png
n/graph260.png
n/graph259.png
n/graph258.png
n/graph257.png
n/graph256.png
n/graph255.png
n/graph254.png
n/graph253.png
n/graph252.png
n/graph251.png
n/graph250.png
n/graph249.png
n/graph248.png
n/graph247.png
n/graph246.png
n/graph245.png
n/graph244.png
n/graph243.png
n/graph242.png
n/graph241.png
n/graph240.png
n/graph239.png
n/graph238.png
n/graph237.png
n/graph236.png
n/graph235.png
n/graph234.png
n/graph233.png
n/graph232.png
n/graph231.png
n/graph230.png
n/graph229.png
n/graph228.png
n/graph227.png
n/graph226.png
n/graph225.png
n/graph224.png
n/graph223.png
n/graph222.png
n/graph221.png
n/graph220.png
n/graph219.png
n/graph218.png
n/graph217.png
n/graph216.png
n/graph215.png
n/graph214.png
n/graph213.png
n/graph212.png
n/graph211.png
n/graph210.png
n/graph209.png
n/graph208.png
n/graph207.png
n/graph206.png
n/graph205.png
n/graph204.png
n/graph203.png
n/graph202.png
n/graph201.png
n/graph200.png
n/graph199.png
n/graph198.png
n/graph197.png
n/graph196.png
n/graph195.png
n/graph194.png
n/graph193.png
n/graph192.png
n/graph191.png
n/graph190.png
n/graph189.png
n/graph188.png
n/graph187.png
n/graph186.png
n/graph185.png
n/graph184.png
n/graph183.png
n/graph182.png
n/graph181.png
n/graph180.png
n/graph179.png
n/graph178.png
n/graph177.png
n/graph176.png
n/graph175.png
n/graph174.png
n/graph173.png
n/graph172.png
n/graph171.png
n/graph170.png
n/graph169.png
n/graph168.png
n/graph167.png
n/graph166.png
n/graph165.png
n/graph164.png
n/graph163.png
n/graph162.png
n/graph161.png
n/graph160.png
n/graph159.png
n/graph158.png
n/graph157.png
n/graph156.png
n/graph155.png
n/graph154.png
n/graph153.png
n/graph152.png
n/graph151.png
n/graph150.png
n/graph149.png
n/graph148.png
n/graph147.png
n/graph146.png
n/graph145.png
n/graph144.png
n/graph143.png
n/graph142.png
n/graph141.png
n/graph140.png
n/graph139.png
n/graph138.png
n/graph137.png
n/graph136.png
n/graph135.png
n/graph134.png
n/graph133.png
n/graph132.png
n/graph131.png
n/graph130.png
n/graph129.png
n/graph128.png
n/graph127.png
n/graph126.png
n/graph125.png
n/graph124.png
n/graph123.png
n/graph122.png
n/graph121.png
n/graph120.png
n/graph119.png
n/graph118.png
n/graph117.png
n/graph116.png
n/graph115.png
n/graph114.png
n/graph113.png
n/graph112.png
n/graph111.png
n/graph110.png
n/graph109.png
n/graph108.png
n/graph107.png
n/graph106.png
n/graph105.png
n/graph104.png
n/graph103.png
n/graph102.png
n/graph101.png
n/graph100.png
n/graph99.png
n/graph98.png
n/graph97.png
n/graph96.png
n/graph95.png
n/graph94.png
n/graph93.png
n/graph92.png
n/graph91.png
n/graph90.png
n/graph89.png
n/graph88.png
n/graph87.png
n/graph86.png
n/graph85.png
n/graph84.png
n/graph83.png
n/graph82.png
n/graph81.png
n/graph80.png
n/graph79.png
n/graph78.png
n/graph77.png
n/graph76.png
n/graph75.png
n/graph74.png
n/graph73.png
n/graph72.png
n/graph71.png
n/graph70.png
n/graph69.png
n/graph68.png
n/graph67.png
n/graph66.png
n/graph65.png
n/graph64.png
n/graph63.png
n/graph62.png
n/graph61.png
n/graph60.png
n/graph59.png
n/graph58.png
n/graph57.png
n/graph56.png
n/graph55.png
n/graph54.png
n/graph53.png
n/graph52.png
n/graph51.png
n/graph50.png
n/graph49.png
n/graph48.png
n/graph47.png
n/graph46.png
n/graph45.png
n/graph44.png
n/graph43.png
n/graph42.png
n/graph41.png
n/graph40.png
n/graph39.png
n/graph38.png
n/graph37.png
n/graph36.png
n/graph35.png
n/graph34.png
n/graph33.png
n/graph32.png
n/graph31.png
n/graph30.png
n/graph29.png
n/graph28.png
n/graph27.png
n/graph26.png
n/graph25.png
n/graph24.png
n/graph23.png
n/graph22.png
n/graph21.png
n/graph20.png
n/graph19.png
n/graph18.png
n/graph17.png
n/graph16.png
n/graph15.png
n/graph14.png
n/graph13.png
n/graph12.png
n/graph11.png
n/graph10.png
n/graph9.png
n/graph8.png
n/graph7.png
n/graph6.png
n/graph5.png
n/graph4.png
n/graph3.png
n/graph2.png
n/graph1.png
n/graph0.png